[debug] [2026-07-20T07:46:07.384Z] ----------------------------------------------------------------------
[debug] [2026-07-20T07:46:07.398Z] Command:       C:\Program Files\nodejs\node.exe C:\Users\leond\AppData\Roaming\npm\node_modules\firebase-tools\lib\bin\firebase.js deploy --only hosting
[debug] [2026-07-20T07:46:07.400Z] CLI Version:   15.22.4
[debug] [2026-07-20T07:46:07.400Z] Platform:      win32
[debug] [2026-07-20T07:46:07.402Z] Node Version:  v24.16.0
[debug] [2026-07-20T07:46:07.405Z] Detected Agent: antigravity
[debug] [2026-07-20T07:46:07.406Z] Time:          Mon Jul 20 2026 10:46:07 GMT+0300 (East Africa Time)
[debug] [2026-07-20T07:46:07.406Z] ----------------------------------------------------------------------
[debug] 
[debug] [2026-07-20T07:46:15.497Z] > command requires scopes: ["email","openid","https://www.googleapis.com/auth/cloudplatformprojects.readonly","https://www.googleapis.com/auth/firebase","https://www.googleapis.com/auth/cloud-platform"]
[debug] [2026-07-20T07:46:15.497Z] > authorizing via signed-in user (mizizicorp@gmail.com)
[debug] [2026-07-20T07:46:15.498Z] [iam] checking project bajaj-adventure-1 for permissions ["firebase.projects.get","firebasehosting.sites.update"]
[debug] [2026-07-20T07:46:15.500Z] Checked if tokens are valid: false, expires at: 1784534415361
[debug] [2026-07-20T07:46:15.500Z] Checked if tokens are valid: false, expires at: 1784534415361
[debug] [2026-07-20T07:46:15.500Z] > refreshing access token with scopes: []
[debug] [2026-07-20T07:46:15.508Z] >>> [apiv2][query] POST https://www.googleapis.com/oauth2/v3/token [none]
[debug] [2026-07-20T07:46:15.508Z] >>> [apiv2][body] POST https://www.googleapis.com/oauth2/v3/token [omitted]
[debug] [2026-07-20T07:46:16.196Z] <<< [apiv2][status] POST https://www.googleapis.com/oauth2/v3/token 200
[debug] [2026-07-20T07:46:16.197Z] <<< [apiv2][body] POST https://www.googleapis.com/oauth2/v3/token [omitted]
[debug] [2026-07-20T07:46:16.234Z] >>> [apiv2][query] POST https://cloudresourcemanager.googleapis.com/v1/projects/bajaj-adventure-1:testIamPermissions [none]
[debug] [2026-07-20T07:46:16.234Z] >>> [apiv2][(partial)header] POST https://cloudresourcemanager.googleapis.com/v1/projects/bajaj-adventure-1:testIamPermissions  x-goog-user-project=bajaj-adventure-1
[debug] [2026-07-20T07:46:16.234Z] >>> [apiv2][body] POST https://cloudresourcemanager.googleapis.com/v1/projects/bajaj-adventure-1:testIamPermissions {"permissions":["firebase.projects.get","firebasehosting.sites.update"]}
